Command line invocation:
    /Applications/Xcode.app/Contents/Developer/usr/bin/xcodebuild -scheme LiiO_EatClean -destination "platform=iOS Simulator,name=iPhone 16 Pro Max" build

2026-05-09 10:27:11.063 xcodebuild[47499:9353109] [MT] IDERunDestination: Supported platforms for the buildables in the current scheme is empty.
ComputePackagePrebuildTargetDependencyGraph

Prepare packages

CreateBuildRequest

SendProjectDescription

CreateBuildOperation

ComputeTargetDependencyGraph
note: Building targets in dependency order
note: Target dependency graph (1 target)
    Target 'LiiO_EatClean' in project 'LiiO_EatClean' (no dependencies)

GatherProvisioningInputs

CreateBuildDescription

ExecuteExternalTool /Applications/Xcode.app/Contents/Developer/Toolchains/XcodeDefault.xctoolchain/usr/bin/clang -v -E -dM -isysroot /Applications/Xcode.app/Contents/Developer/Platforms/iPhoneSimulator.platform/Developer/SDKs/iPhoneSimulator26.4.sdk -x c -c /dev/null

ExecuteExternalTool /Applications/Xcode.app/Contents/Developer/usr/bin/momc --dry-run --action generate --swift-version 5.0 --sdkroot /Applications/Xcode.app/Contents/Developer/Platforms/iPhoneSimulator.platform/Developer/SDKs/iPhoneSimulator26.4.sdk --iphonesimulator-deployment-target 26.3.1 --module LiiO_EatClean /Users/liio/TooL_LiiO/LiiO_EatClean/LiiO_EatClean/LiiO_EatClean.xcdatamodeld /Users/liio/Library/Developer/Xcode/DerivedData/LiiO_EatClean-cbtzmfbddmbjsuhcdozzbdvwvmud/Build/Intermediates.noindex/LiiO_EatClean.build/Debug-iphonesimulator/LiiO_EatClean.build/DerivedSources/CoreDataGenerated/LiiO_EatClean

ExecuteExternalTool /Applications/Xcode.app/Contents/Developer/usr/bin/actool --print-asset-tag-combinations --output-format xml1 /Users/liio/TooL_LiiO/LiiO_EatClean/LiiO_EatClean/Assets.xcassets

ExecuteExternalTool /Applications/Xcode.app/Contents/Developer/usr/bin/actool --version --output-format xml1

ExecuteExternalTool /Applications/Xcode.app/Contents/Developer/Toolchains/XcodeDefault.xctoolchain/usr/bin/swiftc --version

ExecuteExternalTool /Applications/Xcode.app/Contents/Developer/Toolchains/XcodeDefault.xctoolchain/usr/bin/ld -version_details

Build description signature: 3bec660c97d300b679411c23858cb10e
Build description path: /Users/liio/Library/Developer/Xcode/DerivedData/LiiO_EatClean-cbtzmfbddmbjsuhcdozzbdvwvmud/Build/Intermediates.noindex/XCBuildData/3bec660c97d300b679411c23858cb10e.xcbuilddata
ClangStatCache /Applications/Xcode.app/Contents/Developer/Toolchains/XcodeDefault.xctoolchain/usr/bin/clang-stat-cache /Applications/Xcode.app/Contents/Developer/Platforms/iPhoneSimulator.platform/Developer/SDKs/iPhoneSimulator26.4.sdk /Users/liio/Library/Developer/Xcode/DerivedData/SDKStatCaches.noindex/iphonesimulator26.4-23E252-686eebb5dc1d8ecb277353a59184f4aa.sdkstatcache
    cd /Users/liio/TooL_LiiO/LiiO_EatClean/LiiO_EatClean.xcodeproj
    /Applications/Xcode.app/Contents/Developer/Toolchains/XcodeDefault.xctoolchain/usr/bin/clang-stat-cache /Applications/Xcode.app/Contents/Developer/Platforms/iPhoneSimulator.platform/Developer/SDKs/iPhoneSimulator26.4.sdk -o /Users/liio/Library/Developer/Xcode/DerivedData/SDKStatCaches.noindex/iphonesimulator26.4-23E252-686eebb5dc1d8ecb277353a59184f4aa.sdkstatcache

ProcessInfoPlistFile /Users/liio/Library/Developer/Xcode/DerivedData/LiiO_EatClean-cbtzmfbddmbjsuhcdozzbdvwvmud/Build/Products/Debug-iphonesimulator/LiiO_EatClean.app/Info.plist /Users/liio/Library/Developer/Xcode/DerivedData/LiiO_EatClean-cbtzmfbddmbjsuhcdozzbdvwvmud/Build/Intermediates.noindex/LiiO_EatClean.build/Debug-iphonesimulator/LiiO_EatClean.build/empty-LiiO_EatClean.plist (in target 'LiiO_EatClean' from project 'LiiO_EatClean')
    cd /Users/liio/TooL_LiiO/LiiO_EatClean
    builtin-infoPlistUtility /Users/liio/Library/Developer/Xcode/DerivedData/LiiO_EatClean-cbtzmfbddmbjsuhcdozzbdvwvmud/Build/Intermediates.noindex/LiiO_EatClean.build/Debug-iphonesimulator/LiiO_EatClean.build/empty-LiiO_EatClean.plist -producttype com.apple.product-type.application -genpkginfo /Users/liio/Library/Developer/Xcode/DerivedData/LiiO_EatClean-cbtzmfbddmbjsuhcdozzbdvwvmud/Build/Products/Debug-iphonesimulator/LiiO_EatClean.app/PkgInfo -expandbuildsettings -format binary -platform iphonesimulator -additionalcontentfile /Users/liio/Library/Developer/Xcode/DerivedData/LiiO_EatClean-cbtzmfbddmbjsuhcdozzbdvwvmud/Build/Intermediates.noindex/LiiO_EatClean.build/Debug-iphonesimulator/LiiO_EatClean.build/assetcatalog_generated_info.plist -o /Users/liio/Library/Developer/Xcode/DerivedData/LiiO_EatClean-cbtzmfbddmbjsuhcdozzbdvwvmud/Build/Products/Debug-iphonesimulator/LiiO_EatClean.app/Info.plist

SwiftDriver LiiO_EatClean normal arm64 com.apple.xcode.tools.swift.compiler (in target 'LiiO_EatClean' from project 'LiiO_EatClean')
    cd /Users/liio/TooL_LiiO/LiiO_EatClean
    builtin-SwiftDriver -- /Applications/Xcode.app/Contents/Developer/Toolchains/XcodeDefault.xctoolchain/usr/bin/swiftc -module-name LiiO_EatClean -Onone @/Users/liio/Library/Developer/Xcode/DerivedData/LiiO_EatClean-cbtzmfbddmbjsuhcdozzbdvwvmud/Build/Intermediates.noindex/LiiO_EatClean.build/Debug-iphonesimulator/LiiO_EatClean.build/Objects-normal/arm64/LiiO_EatClean.SwiftFileList -DDEBUG -default-isolation\=MainActor -enable-bare-slash-regex -enable-upcoming-feature DisableOutwardActorInference -enable-upcoming-feature InferSendableFromCaptures -enable-upcoming-feature GlobalActorIsolatedTypesUsability -enable-upcoming-feature MemberImportVisibility -enable-upcoming-feature InferIsolatedConformances -enable-upcoming-feature NonisolatedNonsendingByDefault -enable-experimental-feature DebugDescriptionMacro -sdk /Applications/Xcode.app/Contents/Developer/Platforms/iPhoneSimulator.platform/Developer/SDKs/iPhoneSimulator26.4.sdk -target arm64-apple-ios26.3.1-simulator -g -module-cache-path /Users/liio/Library/Developer/Xcode/DerivedData/ModuleCache.noindex -Xfrontend -serialize-debugging-options -enable-testing -index-store-path /Users/liio/Library/Developer/Xcode/DerivedData/LiiO_EatClean-cbtzmfbddmbjsuhcdozzbdvwvmud/Index.noindex/DataStore -Xcc -D_LIBCPP_HARDENING_MODE\=_LIBCPP_HARDENING_MODE_DEBUG -swift-version 5 -I /Users/liio/Library/Developer/Xcode/DerivedData/LiiO_EatClean-cbtzmfbddmbjsuhcdozzbdvwvmud/Build/Products/Debug-iphonesimulator -F /Users/liio/Library/Developer/Xcode/DerivedData/LiiO_EatClean-cbtzmfbddmbjsuhcdozzbdvwvmud/Build/Products/Debug-iphonesimulator -emit-localized-strings -emit-localized-strings-path /Users/liio/Library/Developer/Xcode/DerivedData/LiiO_EatClean-cbtzmfbddmbjsuhcdozzbdvwvmud/Build/Intermediates.noindex/LiiO_EatClean.build/Debug-iphonesimulator/LiiO_EatClean.build/Objects-normal/arm64 -c -j8 -enable-batch-mode -incremental -Xcc -ivfsstatcache -Xcc /Users/liio/Library/Developer/Xcode/DerivedData/SDKStatCaches.noindex/iphonesimulator26.4-23E252-686eebb5dc1d8ecb277353a59184f4aa.sdkstatcache -output-file-map /Users/liio/Library/Developer/Xcode/DerivedData/LiiO_EatClean-cbtzmfbddmbjsuhcdozzbdvwvmud/Build/Intermediates.noindex/LiiO_EatClean.build/Debug-iphonesimulator/LiiO_EatClean.build/Objects-normal/arm64/LiiO_EatClean-OutputFileMap.json -use-frontend-parseable-output -save-temps -no-color-diagnostics -explicit-module-build -module-cache-path /Users/liio/Library/Developer/Xcode/DerivedData/LiiO_EatClean-cbtzmfbddmbjsuhcdozzbdvwvmud/Build/Intermediates.noindex/SwiftExplicitPrecompiledModules -clang-scanner-module-cache-path /Users/liio/Library/Developer/Xcode/DerivedData/ModuleCache.noindex -sdk-module-cache-path /Users/liio/Library/Developer/Xcode/DerivedData/ModuleCache.noindex -serialize-diagnostics -emit-dependencies -emit-module -emit-module-path /Users/liio/Library/Developer/Xcode/DerivedData/LiiO_EatClean-cbtzmfbddmbjsuhcdozzbdvwvmud/Build/Intermediates.noindex/LiiO_EatClean.build/Debug-iphonesimulator/LiiO_EatClean.build/Objects-normal/arm64/LiiO_EatClean.swiftmodule -validate-clang-modules-once -clang-build-session-file /Users/liio/Library/Developer/Xcode/DerivedData/ModuleCache.noindex/Session.modulevalidation -Xcc -I/Users/liio/Library/Developer/Xcode/DerivedData/LiiO_EatClean-cbtzmfbddmbjsuhcdozzbdvwvmud/Build/Intermediates.noindex/LiiO_EatClean.build/Debug-iphonesimulator/LiiO_EatClean.build/swift-overrides.hmap -emit-const-values -Xfrontend -const-gather-protocols-file -Xfrontend /Users/liio/Library/Developer/Xcode/DerivedData/LiiO_EatClean-cbtzmfbddmbjsuhcdozzbdvwvmud/Build/Intermediates.noindex/LiiO_EatClean.build/Debug-iphonesimulator/LiiO_EatClean.build/Objects-normal/arm64/LiiO_EatClean_const_extract_protocols.json -Xcc -iquote -Xcc /Users/liio/Library/Developer/Xcode/DerivedData/LiiO_EatClean-cbtzmfbddmbjsuhcdozzbdvwvmud/Build/Intermediates.noindex/LiiO_EatClean.build/Debug-iphonesimulator/LiiO_EatClean.build/LiiO_EatClean-generated-files.hmap -Xcc -I/Users/liio/Library/Developer/Xcode/DerivedData/LiiO_EatClean-cbtzmfbddmbjsuhcdozzbdvwvmud/Build/Intermediates.noindex/LiiO_EatClean.build/Debug-iphonesimulator/LiiO_EatClean.build/LiiO_EatClean-own-target-headers.hmap -Xcc -I/Users/liio/Library/Developer/Xcode/DerivedData/LiiO_EatClean-cbtzmfbddmbjsuhcdozzbdvwvmud/Build/Intermediates.noindex/LiiO_EatClean.build/Debug-iphonesimulator/LiiO_EatClean.build/LiiO_EatClean-all-target-headers.hmap -Xcc -iquote -Xcc /Users/liio/Library/Developer/Xcode/DerivedData/LiiO_EatClean-cbtzmfbddmbjsuhcdozzbdvwvmud/Build/Intermediates.noindex/LiiO_EatClean.build/Debug-iphonesimulator/LiiO_EatClean.build/LiiO_EatClean-project-headers.hmap -Xcc -I/Users/liio/Library/Developer/Xcode/DerivedData/LiiO_EatClean-cbtzmfbddmbjsuhcdozzbdvwvmud/Build/Products/Debug-iphonesimulator/include -Xcc -I/Users/liio/Library/Developer/Xcode/DerivedData/LiiO_EatClean-cbtzmfbddmbjsuhcdozzbdvwvmud/Build/Intermediates.noindex/LiiO_EatClean.build/Debug-iphonesimulator/LiiO_EatClean.build/DerivedSources-normal/arm64 -Xcc -I/Users/liio/Library/Developer/Xcode/DerivedData/LiiO_EatClean-cbtzmfbddmbjsuhcdozzbdvwvmud/Build/Intermediates.noindex/LiiO_EatClean.build/Debug-iphonesimulator/LiiO_EatClean.build/DerivedSources/arm64 -Xcc -I/Users/liio/Library/Developer/Xcode/DerivedData/LiiO_EatClean-cbtzmfbddmbjsuhcdozzbdvwvmud/Build/Intermediates.noindex/LiiO_EatClean.build/Debug-iphonesimulator/LiiO_EatClean.build/DerivedSources -Xcc -DDEBUG\=1 -emit-objc-header -emit-objc-header-path /Users/liio/Library/Developer/Xcode/DerivedData/LiiO_EatClean-cbtzmfbddmbjsuhcdozzbdvwvmud/Build/Intermediates.noindex/LiiO_EatClean.build/Debug-iphonesimulator/LiiO_EatClean.build/Objects-normal/arm64/LiiO_EatClean-Swift.h -working-directory /Users/liio/TooL_LiiO/LiiO_EatClean -experimental-emit-module-separately -disable-cmo

SwiftCompile normal arm64 Compiling\ DailyLog+CoreDataProperties.swift,\ FoodItem+CoreDataClass.swift,\ FoodItem+CoreDataProperties.swift,\ Meal+CoreDataClass.swift,\ Meal+CoreDataProperties.swift /Users/liio/Library/Developer/Xcode/DerivedData/LiiO_EatClean-cbtzmfbddmbjsuhcdozzbdvwvmud/Build/Intermediates.noindex/LiiO_EatClean.build/Debug-iphonesimulator/LiiO_EatClean.build/DerivedSources/CoreDataGenerated/LiiO_EatClean/DailyLog+CoreDataProperties.swift /Users/liio/Library/Developer/Xcode/DerivedData/LiiO_EatClean-cbtzmfbddmbjsuhcdozzbdvwvmud/Build/Intermediates.noindex/LiiO_EatClean.build/Debug-iphonesimulator/LiiO_EatClean.build/DerivedSources/CoreDataGenerated/LiiO_EatClean/FoodItem+CoreDataClass.swift /Users/liio/Library/Developer/Xcode/DerivedData/LiiO_EatClean-cbtzmfbddmbjsuhcdozzbdvwvmud/Build/Intermediates.noindex/LiiO_EatClean.build/Debug-iphonesimulator/LiiO_EatClean.build/DerivedSources/CoreDataGenerated/LiiO_EatClean/FoodItem+CoreDataProperties.swift /Users/liio/Library/Developer/Xcode/DerivedData/LiiO_EatClean-cbtzmfbddmbjsuhcdozzbdvwvmud/Build/Intermediates.noindex/LiiO_EatClean.build/Debug-iphonesimulator/LiiO_EatClean.build/DerivedSources/CoreDataGenerated/LiiO_EatClean/Meal+CoreDataClass.swift /Users/liio/Library/Developer/Xcode/DerivedData/LiiO_EatClean-cbtzmfbddmbjsuhcdozzbdvwvmud/Build/Intermediates.noindex/LiiO_EatClean.build/Debug-iphonesimulator/LiiO_EatClean.build/DerivedSources/CoreDataGenerated/LiiO_EatClean/Meal+CoreDataProperties.swift (in target 'LiiO_EatClean' from project 'LiiO_EatClean')

SwiftCompile normal arm64 /Users/liio/Library/Developer/Xcode/DerivedData/LiiO_EatClean-cbtzmfbddmbjsuhcdozzbdvwvmud/Build/Intermediates.noindex/LiiO_EatClean.build/Debug-iphonesimulator/LiiO_EatClean.build/DerivedSources/CoreDataGenerated/LiiO_EatClean/DailyLog+CoreDataProperties.swift (in target 'LiiO_EatClean' from project 'LiiO_EatClean')
    cd /Users/liio/TooL_LiiO/LiiO_EatClean
    

SwiftCompile normal arm64 /Users/liio/Library/Developer/Xcode/DerivedData/LiiO_EatClean-cbtzmfbddmbjsuhcdozzbdvwvmud/Build/Intermediates.noindex/LiiO_EatClean.build/Debug-iphonesimulator/LiiO_EatClean.build/DerivedSources/CoreDataGenerated/LiiO_EatClean/FoodItem+CoreDataClass.swift (in target 'LiiO_EatClean' from project 'LiiO_EatClean')
    cd /Users/liio/TooL_LiiO/LiiO_EatClean
    

SwiftCompile normal arm64 /Users/liio/Library/Developer/Xcode/DerivedData/LiiO_EatClean-cbtzmfbddmbjsuhcdozzbdvwvmud/Build/Intermediates.noindex/LiiO_EatClean.build/Debug-iphonesimulator/LiiO_EatClean.build/DerivedSources/CoreDataGenerated/LiiO_EatClean/FoodItem+CoreDataProperties.swift (in target 'LiiO_EatClean' from project 'LiiO_EatClean')
    cd /Users/liio/TooL_LiiO/LiiO_EatClean
    

SwiftCompile normal arm64 /Users/liio/Library/Developer/Xcode/DerivedData/LiiO_EatClean-cbtzmfbddmbjsuhcdozzbdvwvmud/Build/Intermediates.noindex/LiiO_EatClean.build/Debug-iphonesimulator/LiiO_EatClean.build/DerivedSources/CoreDataGenerated/LiiO_EatClean/Meal+CoreDataClass.swift (in target 'LiiO_EatClean' from project 'LiiO_EatClean')
    cd /Users/liio/TooL_LiiO/LiiO_EatClean
    

SwiftCompile normal arm64 /Users/liio/Library/Developer/Xcode/DerivedData/LiiO_EatClean-cbtzmfbddmbjsuhcdozzbdvwvmud/Build/Intermediates.noindex/LiiO_EatClean.build/Debug-iphonesimulator/LiiO_EatClean.build/DerivedSources/CoreDataGenerated/LiiO_EatClean/Meal+CoreDataProperties.swift (in target 'LiiO_EatClean' from project 'LiiO_EatClean')
    cd /Users/liio/TooL_LiiO/LiiO_EatClean
    

SwiftCompile normal arm64 Compiling\ AvoidFood+CoreDataClass.swift,\ AvoidFood+CoreDataProperties.swift,\ DietaryNote+CoreDataClass.swift,\ DietaryNote+CoreDataProperties.swift /Users/liio/Library/Developer/Xcode/DerivedData/LiiO_EatClean-cbtzmfbddmbjsuhcdozzbdvwvmud/Build/Intermediates.noindex/LiiO_EatClean.build/Debug-iphonesimulator/LiiO_EatClean.build/DerivedSources/CoreDataGenerated/LiiO_EatClean/AvoidFood+CoreDataClass.swift /Users/liio/Library/Developer/Xcode/DerivedData/LiiO_EatClean-cbtzmfbddmbjsuhcdozzbdvwvmud/Build/Intermediates.noindex/LiiO_EatClean.build/Debug-iphonesimulator/LiiO_EatClean.build/DerivedSources/CoreDataGenerated/LiiO_EatClean/AvoidFood+CoreDataProperties.swift /Users/liio/Library/Developer/Xcode/DerivedData/LiiO_EatClean-cbtzmfbddmbjsuhcdozzbdvwvmud/Build/Intermediates.noindex/LiiO_EatClean.build/Debug-iphonesimulator/LiiO_EatClean.build/DerivedSources/CoreDataGenerated/LiiO_EatClean/DietaryNote+CoreDataClass.swift /Users/liio/Library/Developer/Xcode/DerivedData/LiiO_EatClean-cbtzmfbddmbjsuhcdozzbdvwvmud/Build/Intermediates.noindex/LiiO_EatClean.build/Debug-iphonesimulator/LiiO_EatClean.build/DerivedSources/CoreDataGenerated/LiiO_EatClean/DietaryNote+CoreDataProperties.swift (in target 'LiiO_EatClean' from project 'LiiO_EatClean')

SwiftCompile normal arm64 /Users/liio/Library/Developer/Xcode/DerivedData/LiiO_EatClean-cbtzmfbddmbjsuhcdozzbdvwvmud/Build/Intermediates.noindex/LiiO_EatClean.build/Debug-iphonesimulator/LiiO_EatClean.build/DerivedSources/CoreDataGenerated/LiiO_EatClean/AvoidFood+CoreDataClass.swift (in target 'LiiO_EatClean' from project 'LiiO_EatClean')
    cd /Users/liio/TooL_LiiO/LiiO_EatClean
    

SwiftCompile normal arm64 /Users/liio/Library/Developer/Xcode/DerivedData/LiiO_EatClean-cbtzmfbddmbjsuhcdozzbdvwvmud/Build/Intermediates.noindex/LiiO_EatClean.build/Debug-iphonesimulator/LiiO_EatClean.build/DerivedSources/CoreDataGenerated/LiiO_EatClean/AvoidFood+CoreDataProperties.swift (in target 'LiiO_EatClean' from project 'LiiO_EatClean')
    cd /Users/liio/TooL_LiiO/LiiO_EatClean
    

SwiftCompile normal arm64 /Users/liio/Library/Developer/Xcode/DerivedData/LiiO_EatClean-cbtzmfbddmbjsuhcdozzbdvwvmud/Build/Intermediates.noindex/LiiO_EatClean.build/Debug-iphonesimulator/LiiO_EatClean.build/DerivedSources/CoreDataGenerated/LiiO_EatClean/DietaryNote+CoreDataClass.swift (in target 'LiiO_EatClean' from project 'LiiO_EatClean')
    cd /Users/liio/TooL_LiiO/LiiO_EatClean
    

SwiftCompile normal arm64 /Users/liio/Library/Developer/Xcode/DerivedData/LiiO_EatClean-cbtzmfbddmbjsuhcdozzbdvwvmud/Build/Intermediates.noindex/LiiO_EatClean.build/Debug-iphonesimulator/LiiO_EatClean.build/DerivedSources/CoreDataGenerated/LiiO_EatClean/DietaryNote+CoreDataProperties.swift (in target 'LiiO_EatClean' from project 'LiiO_EatClean')
    cd /Users/liio/TooL_LiiO/LiiO_EatClean
    

SwiftCompile normal arm64 Compiling\ CalorieChartView.swift,\ WeightChartView.swift,\ APIKey+CoreDataClass.swift,\ APIKey+CoreDataProperties.swift,\ DailyLog+CoreDataClass.swift /Users/liio/TooL_LiiO/LiiO_EatClean/LiiO_EatClean/Features/Progress/Components/CalorieChartView.swift /Users/liio/TooL_LiiO/LiiO_EatClean/LiiO_EatClean/Features/Progress/Components/WeightChartView.swift /Users/liio/Library/Developer/Xcode/DerivedData/LiiO_EatClean-cbtzmfbddmbjsuhcdozzbdvwvmud/Build/Intermediates.noindex/LiiO_EatClean.build/Debug-iphonesimulator/LiiO_EatClean.build/DerivedSources/CoreDataGenerated/LiiO_EatClean/APIKey+CoreDataClass.swift /Users/liio/Library/Developer/Xcode/DerivedData/LiiO_EatClean-cbtzmfbddmbjsuhcdozzbdvwvmud/Build/Intermediates.noindex/LiiO_EatClean.build/Debug-iphonesimulator/LiiO_EatClean.build/DerivedSources/CoreDataGenerated/LiiO_EatClean/APIKey+CoreDataProperties.swift /Users/liio/Library/Developer/Xcode/DerivedData/LiiO_EatClean-cbtzmfbddmbjsuhcdozzbdvwvmud/Build/Intermediates.noindex/LiiO_EatClean.build/Debug-iphonesimulator/LiiO_EatClean.build/DerivedSources/CoreDataGenerated/LiiO_EatClean/DailyLog+CoreDataClass.swift (in target 'LiiO_EatClean' from project 'LiiO_EatClean')
SwiftCompile normal arm64 /Users/liio/TooL_LiiO/LiiO_EatClean/LiiO_EatClean/Features/Progress/Components/CalorieChartView.swift (in target 'LiiO_EatClean' from project 'LiiO_EatClean')
    cd /Users/liio/TooL_LiiO/LiiO_EatClean
    
/Users/liio/TooL_LiiO/LiiO_EatClean/LiiO_EatClean/Features/Progress/Components/CalorieChartView.swift:206:45: error: extra argument 'height' in call
        .frame(maxWidth: .infinity, height: 220) // Match Chart height exactly
              ~~~~~~~~~~~~~~~~~~~~~~~~~~~~~~^~~~

SwiftCompile normal arm64 /Users/liio/TooL_LiiO/LiiO_EatClean/LiiO_EatClean/Features/Progress/Components/WeightChartView.swift (in target 'LiiO_EatClean' from project 'LiiO_EatClean')
    cd /Users/liio/TooL_LiiO/LiiO_EatClean
    
/Users/liio/TooL_LiiO/LiiO_EatClean/LiiO_EatClean/Features/Progress/Components/WeightChartView.swift:201:45: error: extra argument 'height' in call
        .frame(maxWidth: .infinity, height: 220) // Match Chart height exactly
              ~~~~~~~~~~~~~~~~~~~~~~~~~~~~~~^~~~

SwiftCompile normal arm64 /Users/liio/Library/Developer/Xcode/DerivedData/LiiO_EatClean-cbtzmfbddmbjsuhcdozzbdvwvmud/Build/Intermediates.noindex/LiiO_EatClean.build/Debug-iphonesimulator/LiiO_EatClean.build/DerivedSources/CoreDataGenerated/LiiO_EatClean/APIKey+CoreDataClass.swift (in target 'LiiO_EatClean' from project 'LiiO_EatClean')
    cd /Users/liio/TooL_LiiO/LiiO_EatClean
    

SwiftCompile normal arm64 /Users/liio/Library/Developer/Xcode/DerivedData/LiiO_EatClean-cbtzmfbddmbjsuhcdozzbdvwvmud/Build/Intermediates.noindex/LiiO_EatClean.build/Debug-iphonesimulator/LiiO_EatClean.build/DerivedSources/CoreDataGenerated/LiiO_EatClean/APIKey+CoreDataProperties.swift (in target 'LiiO_EatClean' from project 'LiiO_EatClean')
    cd /Users/liio/TooL_LiiO/LiiO_EatClean
    

SwiftCompile normal arm64 /Users/liio/Library/Developer/Xcode/DerivedData/LiiO_EatClean-cbtzmfbddmbjsuhcdozzbdvwvmud/Build/Intermediates.noindex/LiiO_EatClean.build/Debug-iphonesimulator/LiiO_EatClean.build/DerivedSources/CoreDataGenerated/LiiO_EatClean/DailyLog+CoreDataClass.swift (in target 'LiiO_EatClean' from project 'LiiO_EatClean')
    cd /Users/liio/TooL_LiiO/LiiO_EatClean
    

Failed frontend command:
/Applications/Xcode.app/Contents/Developer/Toolchains/XcodeDefault.xctoolchain/usr/bin/swift-frontend -frontend -c -filelist /Users/liio/Library/Developer/Xcode/DerivedData/LiiO_EatClean-cbtzmfbddmbjsuhcdozzbdvwvmud/Build/Intermediates.noindex/LiiO_EatClean.build/Debug-iphonesimulator/LiiO_EatClean.build/Objects-normal/arm64/sources-1 -primary-file /Users/liio/TooL_LiiO/LiiO_EatClean/LiiO_EatClean/Features/Progress/Components/CalorieChartView.swift -primary-file /Users/liio/TooL_LiiO/LiiO_EatClean/LiiO_EatClean/Features/Progress/Components/WeightChartView.swift -primary-file /Users/liio/Library/Developer/Xcode/DerivedData/LiiO_EatClean-cbtzmfbddmbjsuhcdozzbdvwvmud/Build/Intermediates.noindex/LiiO_EatClean.build/Debug-iphonesimulator/LiiO_EatClean.build/DerivedSources/CoreDataGenerated/LiiO_EatClean/APIKey+CoreDataClass.swift -primary-file /Users/liio/Library/Developer/Xcode/DerivedData/LiiO_EatClean-cbtzmfbddmbjsuhcdozzbdvwvmud/Build/Intermediates.noindex/LiiO_EatClean.build/Debug-iphonesimulator/LiiO_EatClean.build/DerivedSources/CoreDataGenerated/LiiO_EatClean/APIKey+CoreDataProperties.swift -primary-file /Users/liio/Library/Developer/Xcode/DerivedData/LiiO_EatClean-cbtzmfbddmbjsuhcdozzbdvwvmud/Build/Intermediates.noindex/LiiO_EatClean.build/Debug-iphonesimulator/LiiO_EatClean.build/DerivedSources/CoreDataGenerated/LiiO_EatClean/DailyLog+CoreDataClass.swift -supplementary-output-file-map /Users/liio/Library/Developer/Xcode/DerivedData/LiiO_EatClean-cbtzmfbddmbjsuhcdozzbdvwvmud/Build/Intermediates.noindex/LiiO_EatClean.build/Debug-iphonesimulator/LiiO_EatClean.build/Objects-normal/arm64/supplementaryOutputs-1 -emit-localized-strings -emit-localized-strings-path /Users/liio/Library/Developer/Xcode/DerivedData/LiiO_EatClean-cbtzmfbddmbjsuhcdozzbdvwvmud/Build/Intermediates.noindex/LiiO_EatClean.build/Debug-iphonesimulator/LiiO_EatClean.build/Objects-normal/arm64 -target arm64-apple-ios26.3.1-simulator -module-can-import-version DeveloperToolsSupport 23.40.26 23.40.26 -module-can-import-version SwiftUI 7.4.27.1 7.4.27 -module-can-import-version UIKit 9126.4.27.1 9126.4.27 -load-resolved-plugin /Applications/Xcode.app/Contents/Developer/Platforms/iPhoneOS.platform/Developer/usr/lib/swift/host/plugins/libFoundationMacros.dylib\#/Applications/Xcode.app/Contents/Developer/Platforms/iPhoneOS.platform/Developer/usr/bin/swift-plugin-server\#FoundationMacros -load-resolved-plugin /Applications/Xcode.app/Contents/Developer/Platforms/iPhoneOS.platform/Developer/usr/lib/swift/host/plugins/libObservationMacros.dylib\#/Applications/Xcode.app/Contents/Developer/Platforms/iPhoneOS.platform/Developer/usr/bin/swift-plugin-server\#ObservationMacros -load-resolved-plugin /Applications/Xcode.app/Contents/Developer/Platforms/iPhoneOS.platform/Developer/usr/lib/swift/host/plugins/libPreviewsMacros.dylib\#/Applications/Xcode.app/Contents/Developer/Platforms/iPhoneOS.platform/Developer/usr/bin/swift-plugin-server\#PreviewsMacros -load-resolved-plugin /Applications/Xcode.app/Contents/Developer/Platforms/iPhoneOS.platform/Developer/usr/lib/swift/host/plugins/libSwiftMacros.dylib\#/Applications/Xcode.app/Contents/Developer/Platforms/iPhoneOS.platform/Developer/usr/bin/swift-plugin-server\#SwiftMacros -load-resolved-plugin /Applications/Xcode.app/Contents/Developer/Platforms/iPhoneOS.platform/Developer/usr/lib/swift/host/plugins/libSwiftUIMacros.dylib\#/Applications/Xcode.app/Contents/Developer/Platforms/iPhoneOS.platform/Developer/usr/bin/swift-plugin-server\#SwiftUIMacros -disable-implicit-swift-modules -Xcc -fno-implicit-modules -Xcc -fno-implicit-module-maps -explicit-swift-module-map-file /Users/liio/Library/Developer/Xcode/DerivedData/LiiO_EatClean-cbtzmfbddmbjsuhcdozzbdvwvmud/Build/Intermediates.noindex/LiiO_EatClean.build/Debug-iphonesimulator/LiiO_EatClean.build/Objects-normal/arm64/LiiO_EatClean-dependencies-1.json -debug-module-path /Users/liio/Library/Developer/Xcode/DerivedData/LiiO_EatClean-cbtzmfbddmbjsuhcdozzbdvwvmud/Build/Intermediates.noindex/LiiO_EatClean.build/Debug-iphonesimulator/LiiO_EatClean.build/Objects-normal/arm64/LiiO_EatClean.swiftmodule -Xllvm -aarch64-use-tbi -enable-objc-interop -sdk /Applications/Xcode.app/Contents/Developer/Platforms/iPhoneSimulator.platform/Developer/SDKs/iPhoneSimulator26.4.sdk -I /Users/liio/Library/Developer/Xcode/DerivedData/LiiO_EatClean-cbtzmfbddmbjsuhcdozzbdvwvmud/Build/Products/Debug-iphonesimulator -F /Users/liio/Library/Developer/Xcode/DerivedData/LiiO_EatClean-cbtzmfbddmbjsuhcdozzbdvwvmud/Build/Products/Debug-iphonesimulator -no-color-diagnostics -Xcc -fno-color-diagnostics -enable-testing -g -debug-info-format\=dwarf -dwarf-version\=5 -module-cache-path /Users/liio/Library/Developer/Xcode/DerivedData/LiiO_EatClean-cbtzmfbddmbjsuhcdozzbdvwvmud/Build/Intermediates.noindex/SwiftExplicitPrecompiledModules -swift-version 5 -Onone -D DEBUG -serialize-debugging-options -const-gather-protocols-file /Users/liio/Library/Developer/Xcode/DerivedData/LiiO_EatClean-cbtzmfbddmbjsuhcdozzbdvwvmud/Build/Intermediates.noindex/LiiO_EatClean.build/Debug-iphonesimulator/LiiO_EatClean.build/Objects-normal/arm64/LiiO_EatClean_const_extract_protocols.json -enable-upcoming-feature DisableOutwardActorInference -enable-upcoming-feature InferSendableFromCaptures -enable-upcoming-feature GlobalActorIsolatedTypesUsability -enable-upcoming-feature MemberImportVisibility -enable-upcoming-feature InferIsolatedConformances -enable-upcoming-feature NonisolatedNonsendingByDefault -enable-experimental-feature DebugDescriptionMacro -enable-bare-slash-regex -default-isolation\=MainActor -empty-abi-descriptor -validate-clang-modules-once -clang-build-session-file /Users/liio/Library/Developer/Xcode/DerivedData/ModuleCache.noindex/Session.modulevalidation -Xcc -working-directory -Xcc /Users/liio/TooL_LiiO/LiiO_EatClean -enable-anonymous-context-mangled-names -file-compilation-dir /Users/liio/TooL_LiiO/LiiO_EatClean -Xcc -D_LIBCPP_HARDENING_MODE\=_LIBCPP_HARDENING_MODE_DEBUG -Xcc -ivfsstatcache -Xcc /Users/liio/Library/Developer/Xcode/DerivedData/SDKStatCaches.noindex/iphonesimulator26.4-23E252-686eebb5dc1d8ecb277353a59184f4aa.sdkstatcache -Xcc -I/Users/liio/Library/Developer/Xcode/DerivedData/LiiO_EatClean-cbtzmfbddmbjsuhcdozzbdvwvmud/Build/Intermediates.noindex/LiiO_EatClean.build/Debug-iphonesimulator/LiiO_EatClean.build/swift-overrides.hmap -Xcc -iquote -Xcc /Users/liio/Library/Developer/Xcode/DerivedData/LiiO_EatClean-cbtzmfbddmbjsuhcdozzbdvwvmud/Build/Intermediates.noindex/LiiO_EatClean.build/Debug-iphonesimulator/LiiO_EatClean.build/LiiO_EatClean-generated-files.hmap -Xcc -I/Users/liio/Library/Developer/Xcode/DerivedData/LiiO_EatClean-cbtzmfbddmbjsuhcdozzbdvwvmud/Build/Intermediates.noindex/LiiO_EatClean.build/Debug-iphonesimulator/LiiO_EatClean.build/LiiO_EatClean-own-target-headers.hmap -Xcc -I/Users/liio/Library/Developer/Xcode/DerivedData/LiiO_EatClean-cbtzmfbddmbjsuhcdozzbdvwvmud/Build/Intermediates.noindex/LiiO_EatClean.build/Debug-iphonesimulator/LiiO_EatClean.build/LiiO_EatClean-all-target-headers.hmap -Xcc -iquote -Xcc /Users/liio/Library/Developer/Xcode/DerivedData/LiiO_EatClean-cbtzmfbddmbjsuhcdozzbdvwvmud/Build/Intermediates.noindex/LiiO_EatClean.build/Debug-iphonesimulator/LiiO_EatClean.build/LiiO_EatClean-project-headers.hmap -Xcc -I/Users/liio/Library/Developer/Xcode/DerivedData/LiiO_EatClean-cbtzmfbddmbjsuhcdozzbdvwvmud/Build/Products/Debug-iphonesimulator/include -Xcc -I/Users/liio/Library/Developer/Xcode/DerivedData/LiiO_EatClean-cbtzmfbddmbjsuhcdozzbdvwvmud/Build/Intermediates.noindex/LiiO_EatClean.build/Debug-iphonesimulator/LiiO_EatClean.build/DerivedSources-normal/arm64 -Xcc -I/Users/liio/Library/Developer/Xcode/DerivedData/LiiO_EatClean-cbtzmfbddmbjsuhcdozzbdvwvmud/Build/Intermediates.noindex/LiiO_EatClean.build/Debug-iphonesimulator/LiiO_EatClean.build/DerivedSources/arm64 -Xcc -I/Users/liio/Library/Developer/Xcode/DerivedData/LiiO_EatClean-cbtzmfbddmbjsuhcdozzbdvwvmud/Build/Intermediates.noindex/LiiO_EatClean.build/Debug-iphonesimulator/LiiO_EatClean.build/DerivedSources -Xcc -DDEBUG\=1 -no-auto-bridging-header-chaining -module-name LiiO_EatClean -frontend-parseable-output -disable-clang-spi -clang-target arm64-apple-ios26.4-simulator -target-sdk-version 26.4 -target-sdk-name iphonesimulator26.4 -in-process-plugin-server-path /Applications/Xcode.app/Contents/Developer/Toolchains/XcodeDefault.xctoolchain/usr/lib/swift/host/libSwiftInProcPluginServer.dylib -o /Users/liio/Library/Developer/Xcode/DerivedData/LiiO_EatClean-cbtzmfbddmbjsuhcdozzbdvwvmud/Build/Intermediates.noindex/LiiO_EatClean.build/Debug-iphonesimulator/LiiO_EatClean.build/Objects-normal/arm64/CalorieChartView.o -o /Users/liio/Library/Developer/Xcode/DerivedData/LiiO_EatClean-cbtzmfbddmbjsuhcdozzbdvwvmud/Build/Intermediates.noindex/LiiO_EatClean.build/Debug-iphonesimulator/LiiO_EatClean.build/Objects-normal/arm64/WeightChartView.o -o /Users/liio/Library/Developer/Xcode/DerivedData/LiiO_EatClean-cbtzmfbddmbjsuhcdozzbdvwvmud/Build/Intermediates.noindex/LiiO_EatClean.build/Debug-iphonesimulator/LiiO_EatClean.build/Objects-normal/arm64/APIKey+CoreDataClass.o -o /Users/liio/Library/Developer/Xcode/DerivedData/LiiO_EatClean-cbtzmfbddmbjsuhcdozzbdvwvmud/Build/Intermediates.noindex/LiiO_EatClean.build/Debug-iphonesimulator/LiiO_EatClean.build/Objects-normal/arm64/APIKey+CoreDataProperties.o -o /Users/liio/Library/Developer/Xcode/DerivedData/LiiO_EatClean-cbtzmfbddmbjsuhcdozzbdvwvmud/Build/Intermediates.noindex/LiiO_EatClean.build/Debug-iphonesimulator/LiiO_EatClean.build/Objects-normal/arm64/DailyLog+CoreDataClass.o -index-unit-output-path /LiiO_EatClean.build/Debug-iphonesimulator/LiiO_EatClean.build/Objects-normal/arm64/CalorieChartView.o -index-unit-output-path /LiiO_EatClean.build/Debug-iphonesimulator/LiiO_EatClean.build/Objects-normal/arm64/WeightChartView.o -index-unit-output-path /LiiO_EatClean.build/Debug-iphonesimulator/LiiO_EatClean.build/Objects-normal/arm64/APIKey+CoreDataClass.o -index-unit-output-path /LiiO_EatClean.build/Debug-iphonesimulator/LiiO_EatClean.build/Objects-normal/arm64/APIKey+CoreDataProperties.o -index-unit-output-path /LiiO_EatClean.build/Debug-iphonesimulator/LiiO_EatClean.build/Objects-normal/arm64/DailyLog+CoreDataClass.o -index-store-path /Users/liio/Library/Developer/Xcode/DerivedData/LiiO_EatClean-cbtzmfbddmbjsuhcdozzbdvwvmud/Index.noindex/DataStore -index-system-modules
SwiftCompile normal arm64 Compiling\ MealFood+CoreDataClass.swift,\ MealFood+CoreDataProperties.swift,\ User+CoreDataClass.swift,\ User+CoreDataProperties.swift /Users/liio/Library/Developer/Xcode/DerivedData/LiiO_EatClean-cbtzmfbddmbjsuhcdozzbdvwvmud/Build/Intermediates.noindex/LiiO_EatClean.build/Debug-iphonesimulator/LiiO_EatClean.build/DerivedSources/CoreDataGenerated/LiiO_EatClean/MealFood+CoreDataClass.swift /Users/liio/Library/Developer/Xcode/DerivedData/LiiO_EatClean-cbtzmfbddmbjsuhcdozzbdvwvmud/Build/Intermediates.noindex/LiiO_EatClean.build/Debug-iphonesimulator/LiiO_EatClean.build/DerivedSources/CoreDataGenerated/LiiO_EatClean/MealFood+CoreDataProperties.swift /Users/liio/Library/Developer/Xcode/DerivedData/LiiO_EatClean-cbtzmfbddmbjsuhcdozzbdvwvmud/Build/Intermediates.noindex/LiiO_EatClean.build/Debug-iphonesimulator/LiiO_EatClean.build/DerivedSources/CoreDataGenerated/LiiO_EatClean/User+CoreDataClass.swift /Users/liio/Library/Developer/Xcode/DerivedData/LiiO_EatClean-cbtzmfbddmbjsuhcdozzbdvwvmud/Build/Intermediates.noindex/LiiO_EatClean.build/Debug-iphonesimulator/LiiO_EatClean.build/DerivedSources/CoreDataGenerated/LiiO_EatClean/User+CoreDataProperties.swift (in target 'LiiO_EatClean' from project 'LiiO_EatClean')

SwiftCompile normal arm64 /Users/liio/Library/Developer/Xcode/DerivedData/LiiO_EatClean-cbtzmfbddmbjsuhcdozzbdvwvmud/Build/Intermediates.noindex/LiiO_EatClean.build/Debug-iphonesimulator/LiiO_EatClean.build/DerivedSources/CoreDataGenerated/LiiO_EatClean/MealFood+CoreDataClass.swift (in target 'LiiO_EatClean' from project 'LiiO_EatClean')
    cd /Users/liio/TooL_LiiO/LiiO_EatClean
    

SwiftCompile normal arm64 /Users/liio/Library/Developer/Xcode/DerivedData/LiiO_EatClean-cbtzmfbddmbjsuhcdozzbdvwvmud/Build/Intermediates.noindex/LiiO_EatClean.build/Debug-iphonesimulator/LiiO_EatClean.build/DerivedSources/CoreDataGenerated/LiiO_EatClean/MealFood+CoreDataProperties.swift (in target 'LiiO_EatClean' from project 'LiiO_EatClean')
    cd /Users/liio/TooL_LiiO/LiiO_EatClean
    

SwiftCompile normal arm64 /Users/liio/Library/Developer/Xcode/DerivedData/LiiO_EatClean-cbtzmfbddmbjsuhcdozzbdvwvmud/Build/Intermediates.noindex/LiiO_EatClean.build/Debug-iphonesimulator/LiiO_EatClean.build/DerivedSources/CoreDataGenerated/LiiO_EatClean/User+CoreDataClass.swift (in target 'LiiO_EatClean' from project 'LiiO_EatClean')
    cd /Users/liio/TooL_LiiO/LiiO_EatClean
    

SwiftCompile normal arm64 /Users/liio/Library/Developer/Xcode/DerivedData/LiiO_EatClean-cbtzmfbddmbjsuhcdozzbdvwvmud/Build/Intermediates.noindex/LiiO_EatClean.build/Debug-iphonesimulator/LiiO_EatClean.build/DerivedSources/CoreDataGenerated/LiiO_EatClean/User+CoreDataProperties.swift (in target 'LiiO_EatClean' from project 'LiiO_EatClean')
    cd /Users/liio/TooL_LiiO/LiiO_EatClean
    

SwiftCompile normal arm64 Compiling\ WeightEntry+CoreDataClass.swift,\ WeightEntry+CoreDataProperties.swift,\ StreakRecord+CoreDataClass.swift,\ StreakRecord+CoreDataProperties.swift /Users/liio/Library/Developer/Xcode/DerivedData/LiiO_EatClean-cbtzmfbddmbjsuhcdozzbdvwvmud/Build/Intermediates.noindex/LiiO_EatClean.build/Debug-iphonesimulator/LiiO_EatClean.build/DerivedSources/CoreDataGenerated/LiiO_EatClean/WeightEntry+CoreDataClass.swift /Users/liio/Library/Developer/Xcode/DerivedData/LiiO_EatClean-cbtzmfbddmbjsuhcdozzbdvwvmud/Build/Intermediates.noindex/LiiO_EatClean.build/Debug-iphonesimulator/LiiO_EatClean.build/DerivedSources/CoreDataGenerated/LiiO_EatClean/WeightEntry+CoreDataProperties.swift /Users/liio/Library/Developer/Xcode/DerivedData/LiiO_EatClean-cbtzmfbddmbjsuhcdozzbdvwvmud/Build/Intermediates.noindex/LiiO_EatClean.build/Debug-iphonesimulator/LiiO_EatClean.build/DerivedSources/CoreDataGenerated/LiiO_EatClean/StreakRecord+CoreDataClass.swift /Users/liio/Library/Developer/Xcode/DerivedData/LiiO_EatClean-cbtzmfbddmbjsuhcdozzbdvwvmud/Build/Intermediates.noindex/LiiO_EatClean.build/Debug-iphonesimulator/LiiO_EatClean.build/DerivedSources/CoreDataGenerated/LiiO_EatClean/StreakRecord+CoreDataProperties.swift (in target 'LiiO_EatClean' from project 'LiiO_EatClean')

SwiftCompile normal arm64 /Users/liio/Library/Developer/Xcode/DerivedData/LiiO_EatClean-cbtzmfbddmbjsuhcdozzbdvwvmud/Build/Intermediates.noindex/LiiO_EatClean.build/Debug-iphonesimulator/LiiO_EatClean.build/DerivedSources/CoreDataGenerated/LiiO_EatClean/WeightEntry+CoreDataClass.swift (in target 'LiiO_EatClean' from project 'LiiO_EatClean')
    cd /Users/liio/TooL_LiiO/LiiO_EatClean
    

SwiftCompile normal arm64 /Users/liio/Library/Developer/Xcode/DerivedData/LiiO_EatClean-cbtzmfbddmbjsuhcdozzbdvwvmud/Build/Intermediates.noindex/LiiO_EatClean.build/Debug-iphonesimulator/LiiO_EatClean.build/DerivedSources/CoreDataGenerated/LiiO_EatClean/WeightEntry+CoreDataProperties.swift (in target 'LiiO_EatClean' from project 'LiiO_EatClean')
    cd /Users/liio/TooL_LiiO/LiiO_EatClean
    

SwiftCompile normal arm64 /Users/liio/Library/Developer/Xcode/DerivedData/LiiO_EatClean-cbtzmfbddmbjsuhcdozzbdvwvmud/Build/Intermediates.noindex/LiiO_EatClean.build/Debug-iphonesimulator/LiiO_EatClean.build/DerivedSources/CoreDataGenerated/LiiO_EatClean/StreakRecord+CoreDataClass.swift (in target 'LiiO_EatClean' from project 'LiiO_EatClean')
    cd /Users/liio/TooL_LiiO/LiiO_EatClean
    

SwiftCompile normal arm64 /Users/liio/Library/Developer/Xcode/DerivedData/LiiO_EatClean-cbtzmfbddmbjsuhcdozzbdvwvmud/Build/Intermediates.noindex/LiiO_EatClean.build/Debug-iphonesimulator/LiiO_EatClean.build/DerivedSources/CoreDataGenerated/LiiO_EatClean/StreakRecord+CoreDataProperties.swift (in target 'LiiO_EatClean' from project 'LiiO_EatClean')
    cd /Users/liio/TooL_LiiO/LiiO_EatClean
    

SwiftCompile normal arm64 Compiling\ FoodPreference+CoreDataClass.swift,\ FoodPreference+CoreDataProperties.swift,\ HealthCondition+CoreDataClass.swift,\ HealthCondition+CoreDataProperties.swift /Users/liio/Library/Developer/Xcode/DerivedData/LiiO_EatClean-cbtzmfbddmbjsuhcdozzbdvwvmud/Build/Intermediates.noindex/LiiO_EatClean.build/Debug-iphonesimulator/LiiO_EatClean.build/DerivedSources/CoreDataGenerated/LiiO_EatClean/FoodPreference+CoreDataClass.swift /Users/liio/Library/Developer/Xcode/DerivedData/LiiO_EatClean-cbtzmfbddmbjsuhcdozzbdvwvmud/Build/Intermediates.noindex/LiiO_EatClean.build/Debug-iphonesimulator/LiiO_EatClean.build/DerivedSources/CoreDataGenerated/LiiO_EatClean/FoodPreference+CoreDataProperties.swift /Users/liio/Library/Developer/Xcode/DerivedData/LiiO_EatClean-cbtzmfbddmbjsuhcdozzbdvwvmud/Build/Intermediates.noindex/LiiO_EatClean.build/Debug-iphonesimulator/LiiO_EatClean.build/DerivedSources/CoreDataGenerated/LiiO_EatClean/HealthCondition+CoreDataClass.swift /Users/liio/Library/Developer/Xcode/DerivedData/LiiO_EatClean-cbtzmfbddmbjsuhcdozzbdvwvmud/Build/Intermediates.noindex/LiiO_EatClean.build/Debug-iphonesimulator/LiiO_EatClean.build/DerivedSources/CoreDataGenerated/LiiO_EatClean/HealthCondition+CoreDataProperties.swift (in target 'LiiO_EatClean' from project 'LiiO_EatClean')

SwiftCompile normal arm64 /Users/liio/Library/Developer/Xcode/DerivedData/LiiO_EatClean-cbtzmfbddmbjsuhcdozzbdvwvmud/Build/Intermediates.noindex/LiiO_EatClean.build/Debug-iphonesimulator/LiiO_EatClean.build/DerivedSources/CoreDataGenerated/LiiO_EatClean/FoodPreference+CoreDataClass.swift (in target 'LiiO_EatClean' from project 'LiiO_EatClean')
    cd /Users/liio/TooL_LiiO/LiiO_EatClean
    

SwiftCompile normal arm64 /Users/liio/Library/Developer/Xcode/DerivedData/LiiO_EatClean-cbtzmfbddmbjsuhcdozzbdvwvmud/Build/Intermediates.noindex/LiiO_EatClean.build/Debug-iphonesimulator/LiiO_EatClean.build/DerivedSources/CoreDataGenerated/LiiO_EatClean/FoodPreference+CoreDataProperties.swift (in target 'LiiO_EatClean' from project 'LiiO_EatClean')
    cd /Users/liio/TooL_LiiO/LiiO_EatClean
    

SwiftCompile normal arm64 /Users/liio/Library/Developer/Xcode/DerivedData/LiiO_EatClean-cbtzmfbddmbjsuhcdozzbdvwvmud/Build/Intermediates.noindex/LiiO_EatClean.build/Debug-iphonesimulator/LiiO_EatClean.build/DerivedSources/CoreDataGenerated/LiiO_EatClean/HealthCondition+CoreDataClass.swift (in target 'LiiO_EatClean' from project 'LiiO_EatClean')
    cd /Users/liio/TooL_LiiO/LiiO_EatClean
    

SwiftCompile normal arm64 /Users/liio/Library/Developer/Xcode/DerivedData/LiiO_EatClean-cbtzmfbddmbjsuhcdozzbdvwvmud/Build/Intermediates.noindex/LiiO_EatClean.build/Debug-iphonesimulator/LiiO_EatClean.build/DerivedSources/CoreDataGenerated/LiiO_EatClean/HealthCondition+CoreDataProperties.swift (in target 'LiiO_EatClean' from project 'LiiO_EatClean')
    cd /Users/liio/TooL_LiiO/LiiO_EatClean
    

SwiftCompile normal arm64 Compiling\ PendingChatMessage+CoreDataClass.swift,\ PendingChatMessage+CoreDataProperties.swift,\ LiiO_EatClean+CoreDataModel.swift,\ GeneratedAssetSymbols.swift /Users/liio/Library/Developer/Xcode/DerivedData/LiiO_EatClean-cbtzmfbddmbjsuhcdozzbdvwvmud/Build/Intermediates.noindex/LiiO_EatClean.build/Debug-iphonesimulator/LiiO_EatClean.build/DerivedSources/CoreDataGenerated/LiiO_EatClean/PendingChatMessage+CoreDataClass.swift /Users/liio/Library/Developer/Xcode/DerivedData/LiiO_EatClean-cbtzmfbddmbjsuhcdozzbdvwvmud/Build/Intermediates.noindex/LiiO_EatClean.build/Debug-iphonesimulator/LiiO_EatClean.build/DerivedSources/CoreDataGenerated/LiiO_EatClean/PendingChatMessage+CoreDataProperties.swift /Users/liio/Library/Developer/Xcode/DerivedData/LiiO_EatClean-cbtzmfbddmbjsuhcdozzbdvwvmud/Build/Intermediates.noindex/LiiO_EatClean.build/Debug-iphonesimulator/LiiO_EatClean.build/DerivedSources/CoreDataGenerated/LiiO_EatClean/LiiO_EatClean+CoreDataModel.swift /Users/liio/Library/Developer/Xcode/DerivedData/LiiO_EatClean-cbtzmfbddmbjsuhcdozzbdvwvmud/Build/Intermediates.noindex/LiiO_EatClean.build/Debug-iphonesimulator/LiiO_EatClean.build/DerivedSources/GeneratedAssetSymbols.swift (in target 'LiiO_EatClean' from project 'LiiO_EatClean')

SwiftCompile normal arm64 /Users/liio/Library/Developer/Xcode/DerivedData/LiiO_EatClean-cbtzmfbddmbjsuhcdozzbdvwvmud/Build/Intermediates.noindex/LiiO_EatClean.build/Debug-iphonesimulator/LiiO_EatClean.build/DerivedSources/CoreDataGenerated/LiiO_EatClean/PendingChatMessage+CoreDataClass.swift (in target 'LiiO_EatClean' from project 'LiiO_EatClean')
    cd /Users/liio/TooL_LiiO/LiiO_EatClean
    

SwiftCompile normal arm64 /Users/liio/Library/Developer/Xcode/DerivedData/LiiO_EatClean-cbtzmfbddmbjsuhcdozzbdvwvmud/Build/Intermediates.noindex/LiiO_EatClean.build/Debug-iphonesimulator/LiiO_EatClean.build/DerivedSources/CoreDataGenerated/LiiO_EatClean/PendingChatMessage+CoreDataProperties.swift (in target 'LiiO_EatClean' from project 'LiiO_EatClean')
    cd /Users/liio/TooL_LiiO/LiiO_EatClean
    

SwiftCompile normal arm64 /Users/liio/Library/Developer/Xcode/DerivedData/LiiO_EatClean-cbtzmfbddmbjsuhcdozzbdvwvmud/Build/Intermediates.noindex/LiiO_EatClean.build/Debug-iphonesimulator/LiiO_EatClean.build/DerivedSources/CoreDataGenerated/LiiO_EatClean/LiiO_EatClean+CoreDataModel.swift (in target 'LiiO_EatClean' from project 'LiiO_EatClean')
    cd /Users/liio/TooL_LiiO/LiiO_EatClean
    

SwiftCompile normal arm64 /Users/liio/Library/Developer/Xcode/DerivedData/LiiO_EatClean-cbtzmfbddmbjsuhcdozzbdvwvmud/Build/Intermediates.noindex/LiiO_EatClean.build/Debug-iphonesimulator/LiiO_EatClean.build/DerivedSources/GeneratedAssetSymbols.swift (in target 'LiiO_EatClean' from project 'LiiO_EatClean')
    cd /Users/liio/TooL_LiiO/LiiO_EatClean
    

SwiftEmitModule normal arm64 Emitting\ module\ for\ LiiO_EatClean (in target 'LiiO_EatClean' from project 'LiiO_EatClean')
EmitSwiftModule normal arm64 (in target 'LiiO_EatClean' from project 'LiiO_EatClean')
    cd /Users/liio/TooL_LiiO/LiiO_EatClean
    

SwiftCompile normal arm64 Compiling\ AIInsight+CoreDataClass.swift,\ AIInsight+CoreDataProperties.swift,\ AIMemory+CoreDataClass.swift,\ AIMemory+CoreDataProperties.swift /Users/liio/Library/Developer/Xcode/DerivedData/LiiO_EatClean-cbtzmfbddmbjsuhcdozzbdvwvmud/Build/Intermediates.noindex/LiiO_EatClean.build/Debug-iphonesimulator/LiiO_EatClean.build/DerivedSources/CoreDataGenerated/LiiO_EatClean/AIInsight+CoreDataClass.swift /Users/liio/Library/Developer/Xcode/DerivedData/LiiO_EatClean-cbtzmfbddmbjsuhcdozzbdvwvmud/Build/Intermediates.noindex/LiiO_EatClean.build/Debug-iphonesimulator/LiiO_EatClean.build/DerivedSources/CoreDataGenerated/LiiO_EatClean/AIInsight+CoreDataProperties.swift /Users/liio/Library/Developer/Xcode/DerivedData/LiiO_EatClean-cbtzmfbddmbjsuhcdozzbdvwvmud/Build/Intermediates.noindex/LiiO_EatClean.build/Debug-iphonesimulator/LiiO_EatClean.build/DerivedSources/CoreDataGenerated/LiiO_EatClean/AIMemory+CoreDataClass.swift /Users/liio/Library/Developer/Xcode/DerivedData/LiiO_EatClean-cbtzmfbddmbjsuhcdozzbdvwvmud/Build/Intermediates.noindex/LiiO_EatClean.build/Debug-iphonesimulator/LiiO_EatClean.build/DerivedSources/CoreDataGenerated/LiiO_EatClean/AIMemory+CoreDataProperties.swift (in target 'LiiO_EatClean' from project 'LiiO_EatClean')

SwiftCompile normal arm64 /Users/liio/Library/Developer/Xcode/DerivedData/LiiO_EatClean-cbtzmfbddmbjsuhcdozzbdvwvmud/Build/Intermediates.noindex/LiiO_EatClean.build/Debug-iphonesimulator/LiiO_EatClean.build/DerivedSources/CoreDataGenerated/LiiO_EatClean/AIInsight+CoreDataClass.swift (in target 'LiiO_EatClean' from project 'LiiO_EatClean')
    cd /Users/liio/TooL_LiiO/LiiO_EatClean
    

SwiftCompile normal arm64 /Users/liio/Library/Developer/Xcode/DerivedData/LiiO_EatClean-cbtzmfbddmbjsuhcdozzbdvwvmud/Build/Intermediates.noindex/LiiO_EatClean.build/Debug-iphonesimulator/LiiO_EatClean.build/DerivedSources/CoreDataGenerated/LiiO_EatClean/AIInsight+CoreDataProperties.swift (in target 'LiiO_EatClean' from project 'LiiO_EatClean')
    cd /Users/liio/TooL_LiiO/LiiO_EatClean
    

SwiftCompile normal arm64 /Users/liio/Library/Developer/Xcode/DerivedData/LiiO_EatClean-cbtzmfbddmbjsuhcdozzbdvwvmud/Build/Intermediates.noindex/LiiO_EatClean.build/Debug-iphonesimulator/LiiO_EatClean.build/DerivedSources/CoreDataGenerated/LiiO_EatClean/AIMemory+CoreDataClass.swift (in target 'LiiO_EatClean' from project 'LiiO_EatClean')
    cd /Users/liio/TooL_LiiO/LiiO_EatClean
    

SwiftCompile normal arm64 /Users/liio/Library/Developer/Xcode/DerivedData/LiiO_EatClean-cbtzmfbddmbjsuhcdozzbdvwvmud/Build/Intermediates.noindex/LiiO_EatClean.build/Debug-iphonesimulator/LiiO_EatClean.build/DerivedSources/CoreDataGenerated/LiiO_EatClean/AIMemory+CoreDataProperties.swift (in target 'LiiO_EatClean' from project 'LiiO_EatClean')
    cd /Users/liio/TooL_LiiO/LiiO_EatClean
    

SwiftDriverJobDiscovery normal arm64 Compiling WeightEntry+CoreDataClass.swift, WeightEntry+CoreDataProperties.swift, StreakRecord+CoreDataClass.swift, StreakRecord+CoreDataProperties.swift (in target 'LiiO_EatClean' from project 'LiiO_EatClean')

SwiftDriverJobDiscovery normal arm64 Compiling FoodPreference+CoreDataClass.swift, FoodPreference+CoreDataProperties.swift, HealthCondition+CoreDataClass.swift, HealthCondition+CoreDataProperties.swift (in target 'LiiO_EatClean' from project 'LiiO_EatClean')

SwiftDriverJobDiscovery normal arm64 Compiling MealFood+CoreDataClass.swift, MealFood+CoreDataProperties.swift, User+CoreDataClass.swift, User+CoreDataProperties.swift (in target 'LiiO_EatClean' from project 'LiiO_EatClean')

SwiftDriverJobDiscovery normal arm64 Compiling AvoidFood+CoreDataClass.swift, AvoidFood+CoreDataProperties.swift, DietaryNote+CoreDataClass.swift, DietaryNote+CoreDataProperties.swift (in target 'LiiO_EatClean' from project 'LiiO_EatClean')

SwiftDriverJobDiscovery normal arm64 Compiling DailyLog+CoreDataProperties.swift, FoodItem+CoreDataClass.swift, FoodItem+CoreDataProperties.swift, Meal+CoreDataClass.swift, Meal+CoreDataProperties.swift (in target 'LiiO_EatClean' from project 'LiiO_EatClean')

SwiftDriverJobDiscovery normal arm64 Compiling PendingChatMessage+CoreDataClass.swift, PendingChatMessage+CoreDataProperties.swift, LiiO_EatClean+CoreDataModel.swift, GeneratedAssetSymbols.swift (in target 'LiiO_EatClean' from project 'LiiO_EatClean')

SwiftDriverJobDiscovery normal arm64 Compiling AIInsight+CoreDataClass.swift, AIInsight+CoreDataProperties.swift, AIMemory+CoreDataClass.swift, AIMemory+CoreDataProperties.swift (in target 'LiiO_EatClean' from project 'LiiO_EatClean')

** BUILD FAILED **


The following build commands failed:
	SwiftCompile normal arm64 /Users/liio/TooL_LiiO/LiiO_EatClean/LiiO_EatClean/Features/Progress/Components/CalorieChartView.swift (in target 'LiiO_EatClean' from project 'LiiO_EatClean')
	SwiftCompile normal arm64 /Users/liio/TooL_LiiO/LiiO_EatClean/LiiO_EatClean/Features/Progress/Components/WeightChartView.swift (in target 'LiiO_EatClean' from project 'LiiO_EatClean')
	SwiftCompile normal arm64 Compiling\ CalorieChartView.swift,\ WeightChartView.swift,\ APIKey+CoreDataClass.swift,\ APIKey+CoreDataProperties.swift,\ DailyLog+CoreDataClass.swift /Users/liio/TooL_LiiO/LiiO_EatClean/LiiO_EatClean/Features/Progress/Components/CalorieChartView.swift /Users/liio/TooL_LiiO/LiiO_EatClean/LiiO_EatClean/Features/Progress/Components/WeightChartView.swift /Users/liio/Library/Developer/Xcode/DerivedData/LiiO_EatClean-cbtzmfbddmbjsuhcdozzbdvwvmud/Build/Intermediates.noindex/LiiO_EatClean.build/Debug-iphonesimulator/LiiO_EatClean.build/DerivedSources/CoreDataGenerated/LiiO_EatClean/APIKey+CoreDataClass.swift /Users/liio/Library/Developer/Xcode/DerivedData/LiiO_EatClean-cbtzmfbddmbjsuhcdozzbdvwvmud/Build/Intermediates.noindex/LiiO_EatClean.build/Debug-iphonesimulator/LiiO_EatClean.build/DerivedSources/CoreDataGenerated/LiiO_EatClean/APIKey+CoreDataProperties.swift /Users/liio/Library/Developer/Xcode/DerivedData/LiiO_EatClean-cbtzmfbddmbjsuhcdozzbdvwvmud/Build/Intermediates.noindex/LiiO_EatClean.build/Debug-iphonesimulator/LiiO_EatClean.build/DerivedSources/CoreDataGenerated/LiiO_EatClean/DailyLog+CoreDataClass.swift (in target 'LiiO_EatClean' from project 'LiiO_EatClean')
	Building project LiiO_EatClean with scheme LiiO_EatClean
(4 failures)
